// Jest Snapshot v1, https://goo.gl/fbAQLP

exports[`<Avatar /> Icon avatar should render icon avatar correctly 1`] = `
<div
  className="root"
>
  <Icon
    label="lock"
  />
</div>
`;
