// Jest Snapshot v1, https://goo.gl/fbAQLP

exports[`<Avatar /> Text avatar should render text avatar correctly 1`] = `
<div
  className="root"
>
  IB
</div>
`;
